----------------------------------------
Marvellous AutomationScript 
----------------------------------------

File from the directory are:

----------------------------------------
Marvellous\Hello\demo.txt: 0 bytes
Marvellous\Hello\hello.txt: 0 bytes
Marvellous\Mumbai\File_read.py: 325 bytes
Marvellous\Mumbai\File_readX.py: 323 bytes
Marvellous\Mumbai\File_read_seek.py: 412 bytes
Marvellous\Mumbai\File_read_tell.py: 419 bytes
Marvellous\Mumbai\File_read_tellX.py: 533 bytes
Marvellous\Pune\ScheduleDemo1.py: 159 bytes
Marvellous\Pune\ScheduleDemo2.py: 275 bytes
Marvellous\Pune\ScheduleDemo3.py: 377 bytes
Marvellous\Pune\ScheduleDemo4.py: 379 bytes
Marvellous\Satara\AutomationScript1.py: 176 bytes
Marvellous\Satara\AutomationScript2.py: 238 bytes
Marvellous\Satara\AutomationScript3.py: 469 bytes
Marvellous\Satara\AutomationScript4.py: 740 bytes
----------------------------------------
Total files Scanned: 15
Total Empty file found and Deleted:2
----------------------------------------
Log file gets Creates at:Mon Jul 20 23:10:16 2026
----------------------------------------
