----------------------------------------
Marvellous AutomationScript 
----------------------------------------

File from the directory are:

----------------------------------------
Marvellous\Mumbai\Demo.txt
Marvellous\Mumbai\File_read.py
Marvellous\Mumbai\File_readX.py
Marvellous\Mumbai\File_read_seek.py
Marvellous\Mumbai\File_read_tell.py
Marvellous\Mumbai\File_read_tellX.py
Marvellous\Pune\Demo.txt
Marvellous\Pune\DirectoryTraversal1.py
Marvellous\Pune\DirectoryTraversal2.py
Marvellous\Pune\DirectoryTraversal3.py
Marvellous\Pune\DirectoryTraversal4.py
Marvellous\Satara\AutomationScript1.py
Marvellous\Satara\AutomationScript2.py
Marvellous\Satara\AutomationScript3.py
Marvellous\Satara\AutomationScript4.py
Marvellous\Satara\Demo.txt
----------------------------------------
Log file gets Creates at:Sun Jul 19 20:12:10 2026
----------------------------------------
